#
# There is insufficient memory for the Java Runtime Environment to continue.
# Native memory allocation (malloc) failed to allocate 454416 bytes for Chunk::new
# Possible reasons:
#   The system is out of physical RAM or swap space
#   The process is running with CompressedOops enabled, and the Java Heap may be blocking the growth of the native heap
# Possible solutions:
#   Reduce memory load on the system
#   Increase physical memory or swap space
#   Check if swap backing store is full
#   Decrease Java heap size (-Xmx/-Xms)
#   Decrease number of Java threads
#   Decrease Java thread stack sizes (-Xss)
#   Set larger code cache with -XX:ReservedCodeCacheSize=
#   JVM is running with Unscaled Compressed Oops mode in which the Java heap is
#     placed in the first 4GB address space. The Java Heap base address is the
#     maximum limit for the native heap growth. Please use -XX:HeapBaseMinAddress
#     to set the Java Heap base and to place the Java Heap above 4GB virtual address.
# This output file may be truncated or incomplete.
#
#  Out of Memory Error (arena.cpp:168), pid=14528, tid=30648
#
# JRE version: Java(TM) SE Runtime Environment (21.0.1+12) (build 21.0.1+12-LTS-29)
# Java VM: Java HotSpot(TM) 64-Bit Server VM (21.0.1+12-LTS-29, mixed mode, sharing, tiered, compressed oops, compressed class ptrs, g1 gc, windows-amd64)
# No core dump will be written. Minidumps are not enabled by default on client versions of Windows
#

---------------  S U M M A R Y ------------

Command Line: C:\Users\B NISHIDA\AppData\Local\Temp\surefire5064885224034289959\surefirebooter-20260331115739621_3.jar C:\Users\B NISHIDA\AppData\Local\Temp\surefire5064885224034289959 2026-03-31T11-57-38_803-jvmRun1 surefire-20260331115739621_1tmp surefire_0-20260331115739621_2tmp

Host: AMD Ryzen 5 5500U with Radeon Graphics         , 12 cores, 5G,  Windows 11 , 64 bit Build 26100 (10.0.26100.7920)
Time: Tue Mar 31 11:58:36 2026 India Standard Time elapsed time: 55.975844 seconds (0d 0h 0m 55s)

---------------  T H R E A D  ---------------

Current thread (0x0000023de9ba2e30):  JavaThread "C2 CompilerThread0" daemon [_thread_in_native, id=30648, stack(0x0000003e35600000,0x0000003e35700000) (1024K)]


Current CompileTask:
C2:  56012 8456   !   4       java.util.zip.InflaterInputStream::read (129 bytes)

Stack: [0x0000003e35600000,0x0000003e35700000]
Native frames: (J=compiled Java code, j=interpreted, Vv=VM code, C=native code)
V  [jvm.dll+0x6c9029]
V  [jvm.dll+0x854b81]
V  [jvm.dll+0x856e5e]
V  [jvm.dll+0x857543]
V  [jvm.dll+0x280c06]
V  [jvm.dll+0xc3ead]
V  [jvm.dll+0xc43c3]
V  [jvm.dll+0x3b5732]
V  [jvm.dll+0x382475]
V  [jvm.dll+0x3818ea]
V  [jvm.dll+0x249ad0]
V  [jvm.dll+0x2490b1]
V  [jvm.dll+0x1c9ca1]
V  [jvm.dll+0x2586b9]
V  [jvm.dll+0x256c9a]
V  [jvm.dll+0x3ef1b6]
V  [jvm.dll+0x7fd728]
V  [jvm.dll+0x6c777d]
C  [ucrtbase.dll+0x37b0]
C  [KERNEL32.DLL+0x2e8d7]
C  [ntdll.dll+0x8c48c]


---------------  P R O C E S S  ---------------

Threads class SMR info:
_java_thread_list=0x0000023df11d9770, length=15, elements={
0x0000023dcd819660, 0x0000023de9b80720, 0x0000023de9b83e00, 0x0000023de9b86640,
0x0000023de9b89440, 0x0000023de9b95a30, 0x0000023de9b98050, 0x0000023de9ba2e30,
0x0000023de9ba3a00, 0x0000023de9b98d70, 0x0000023de9b97330, 0x0000023de9b979c0,
0x0000023de9b99400, 0x0000023de9b96610, 0x0000023de9b96ca0
}

Java Threads: ( => current thread )
  0x0000023dcd819660 JavaThread "main"                              [_thread_in_native, id=2840, stack(0x0000003e34800000,0x0000003e34900000) (1024K)]
  0x0000023de9b80720 JavaThread "Reference Handler"          daemon [_thread_blocked, id=30768, stack(0x0000003e35000000,0x0000003e35100000) (1024K)]
  0x0000023de9b83e00 JavaThread "Finalizer"                  daemon [_thread_blocked, id=14540, stack(0x0000003e35100000,0x0000003e35200000) (1024K)]
  0x0000023de9b86640 JavaThread "Signal Dispatcher"          daemon [_thread_blocked, id=27148, stack(0x0000003e35200000,0x0000003e35300000) (1024K)]
  0x0000023de9b89440 JavaThread "Attach Listener"            daemon [_thread_blocked, id=20988, stack(0x0000003e35300000,0x0000003e35400000) (1024K)]
  0x0000023de9b95a30 JavaThread "Service Thread"             daemon [_thread_blocked, id=19864, stack(0x0000003e35400000,0x0000003e35500000) (1024K)]
  0x0000023de9b98050 JavaThread "Monitor Deflation Thread"   daemon [_thread_blocked, id=6296, stack(0x0000003e35500000,0x0000003e35600000) (1024K)]
=>0x0000023de9ba2e30 JavaThread "C2 CompilerThread0"         daemon [_thread_in_native, id=30648, stack(0x0000003e35600000,0x0000003e35700000) (1024K)]
  0x0000023de9ba3a00 JavaThread "C1 CompilerThread0"         daemon [_thread_blocked, id=15580, stack(0x0000003e35700000,0x0000003e35800000) (1024K)]
  0x0000023de9b98d70 JavaThread "Notification Thread"        daemon [_thread_blocked, id=31228, stack(0x0000003e35800000,0x0000003e35900000) (1024K)]
  0x0000023de9b97330 JavaThread "Common-Cleaner"             daemon [_thread_blocked, id=17696, stack(0x0000003e35900000,0x0000003e35a00000) (1024K)]
  0x0000023de9b979c0 JavaThread "surefire-forkedjvm-stream-flusher" daemon [_thread_blocked, id=31096, stack(0x0000003e35a00000,0x0000003e35b00000) (1024K)]
  0x0000023de9b99400 JavaThread "surefire-forkedjvm-command-thread" daemon [_thread_in_native, id=11772, stack(0x0000003e35b00000,0x0000003e35c00000) (1024K)]
  0x0000023de9b96610 JavaThread "mysql-cj-abandoned-connection-cleanup" daemon [_thread_blocked, id=20932, stack(0x0000003e36900000,0x0000003e36a00000) (1024K)]
  0x0000023de9b96ca0 JavaThread "HikariPool-1 housekeeper"   daemon [_thread_blocked, id=24788, stack(0x0000003e36800000,0x0000003e36900000) (1024K)]
Total: 15

Other Threads:
  0x0000023de9b612f0 VMThread "VM Thread"                           [id=3580, stack(0x0000003e34f00000,0x0000003e35000000) (1024K)]
  0x0000023de9b47f30 WatcherThread "VM Periodic Task Thread"        [id=6992, stack(0x0000003e34e00000,0x0000003e34f00000) (1024K)]
  0x0000023dcd85d8b0 WorkerThread "GC Thread#0"                     [id=21336, stack(0x0000003e34900000,0x0000003e34a00000) (1024K)]
  0x0000023deeea6290 WorkerThread "GC Thread#1"                     [id=30616, stack(0x0000003e35c00000,0x0000003e35d00000) (1024K)]
  0x0000023deef08120 WorkerThread "GC Thread#2"                     [id=24852, stack(0x0000003e35d00000,0x0000003e35e00000) (1024K)]
  0x0000023deef96940 WorkerThread "GC Thread#3"                     [id=29384, stack(0x0000003e35e00000,0x0000003e35f00000) (1024K)]
  0x0000023deef96ce0 WorkerThread "GC Thread#4"                     [id=17168, stack(0x0000003e35f00000,0x0000003e36000000) (1024K)]
  0x0000023deeeecb50 WorkerThread "GC Thread#5"                     [id=4332, stack(0x0000003e36000000,0x0000003e36100000) (1024K)]
  0x0000023deeefcf00 WorkerThread "GC Thread#6"                     [id=20224, stack(0x0000003e36100000,0x0000003e36200000) (1024K)]
  0x0000023deeefd2a0 WorkerThread "GC Thread#7"                     [id=19404, stack(0x0000003e36200000,0x0000003e36300000) (1024K)]
  0x0000023deeefe250 WorkerThread "GC Thread#8"                     [id=29392, stack(0x0000003e36300000,0x0000003e36400000) (1024K)]
  0x0000023def376070 WorkerThread "GC Thread#9"                     [id=18680, stack(0x0000003e36400000,0x0000003e36500000) (1024K)]
  0x0000023dcd86a450 ConcurrentGCThread "G1 Main Marker"            [id=8380, stack(0x0000003e34a00000,0x0000003e34b00000) (1024K)]
  0x0000023dcd86bdd0 WorkerThread "G1 Conc#0"                       [id=17700, stack(0x0000003e34b00000,0x0000003e34c00000) (1024K)]
  0x0000023def377630 WorkerThread "G1 Conc#1"                       [id=6256, stack(0x0000003e36600000,0x0000003e36700000) (1024K)]
  0x0000023def3779d0 WorkerThread "G1 Conc#2"                       [id=6580, stack(0x0000003e36700000,0x0000003e36800000) (1024K)]
  0x0000023de9a1bbb0 ConcurrentGCThread "G1 Refine#0"               [id=20320, stack(0x0000003e34c00000,0x0000003e34d00000) (1024K)]
  0x0000023de9a1c720 ConcurrentGCThread "G1 Service"                [id=4804, stack(0x0000003e34d00000,0x0000003e34e00000) (1024K)]
Total: 18

Threads with active compile tasks:
C2 CompilerThread0    57109 8456   !   4       java.util.zip.InflaterInputStream::read (129 bytes)
Total: 1

VM state: not at safepoint (normal execution)

VM Mutex/Monitor currently owned by a thread: None

Heap address: 0x00000000a2200000, size: 1502 MB, Compressed Oops mode: 32-bit

CDS archive(s) mapped at: [0x0000023d80000000-0x0000023d80c90000-0x0000023d80c90000), size 13172736, SharedBaseAddress: 0x0000023d80000000, ArchiveRelocationMode: 1.
Compressed class space mapped at: 0x0000023d81000000-0x0000023dc1000000, reserved size: 1073741824
Narrow klass base: 0x0000023d80000000, Narrow klass shift: 0, Narrow klass range: 0x100000000

GC Precious Log:
 CardTable entry size: 512
 Card Set container configuration: InlinePtr #cards 5 size 8 Array Of Cards #cards 12 size 40 Howl #buckets 4 coarsen threshold 1843 Howl Bitmap #cards 512 size 80 coarsen threshold 460 Card regions per heap region 1 cards per card region 2048
 CPUs: 12 total, 12 available
 Memory: 6005M
 Large Page Support: Disabled
 NUMA Support: Disabled
 Compressed Oops: Enabled (32-bit)
 Heap Region Size: 1M
 Heap Min Capacity: 8M
 Heap Initial Capacity: 94M
 Heap Max Capacity: 1502M
 Pre-touch: Disabled
 Parallel Workers: 10
 Concurrent Workers: 3
 Concurrent Refinement Workers: 10
 Periodic GC: Disabled

Heap:
 garbage-first heap   total 71680K, used 46751K [0x00000000a2200000, 0x0000000100000000)
  region size 1024K, 10 young (10240K), 3 survivors (3072K)
 Metaspace       used 78566K, committed 79296K, reserved 1179648K
  class space    used 10622K, committed 10944K, reserved 1048576K

Heap Regions: E=young(eden), S=young(survivor), O=old, HS=humongous(starts), HC=humongous(continues), CS=collection set, F=free, TAMS=top-at-mark-start, PB=parsable bottom
|   0|0x00000000a2200000, 0x00000000a2300000, 0x00000000a2300000|100%|HS|  |TAMS 0x00000000a2200000| PB 0x00000000a2200000| Complete 
|   1|0x00000000a2300000, 0x00000000a2400000, 0x00000000a2400000|100%| O|  |TAMS 0x00000000a2300000| PB 0x00000000a2300000| Untracked 
|   2|0x00000000a2400000, 0x00000000a2500000, 0x00000000a2500000|100%| O|  |TAMS 0x00000000a2400000| PB 0x00000000a2400000| Untracked 
|   3|0x00000000a2500000, 0x00000000a2600000, 0x00000000a2600000|100%| O|  |TAMS 0x00000000a2500000| PB 0x00000000a2500000| Untracked 
|   4|0x00000000a2600000, 0x00000000a2700000, 0x00000000a2700000|100%| O|  |TAMS 0x00000000a2600000| PB 0x00000000a2600000| Untracked 
|   5|0x00000000a2700000, 0x00000000a2800000, 0x00000000a2800000|100%| O|  |TAMS 0x00000000a2700000| PB 0x00000000a2700000| Untracked 
|   6|0x00000000a2800000, 0x00000000a2900000, 0x00000000a2900000|100%| O|  |TAMS 0x00000000a2800000| PB 0x00000000a2800000| Untracked 
|   7|0x00000000a2900000, 0x00000000a2a00000, 0x00000000a2a00000|100%| O|  |TAMS 0x00000000a2900000| PB 0x00000000a2900000| Untracked 
|   8|0x00000000a2a00000, 0x00000000a2b00000, 0x00000000a2b00000|100%| O|  |TAMS 0x00000000a2a00000| PB 0x00000000a2a00000| Untracked 
|   9|0x00000000a2b00000, 0x00000000a2c00000, 0x00000000a2c00000|100%| O|  |TAMS 0x00000000a2b00000| PB 0x00000000a2b00000| Untracked 
|  10|0x00000000a2c00000, 0x00000000a2d00000, 0x00000000a2d00000|100%| O|  |TAMS 0x00000000a2c00000| PB 0x00000000a2c00000| Untracked 
|  11|0x00000000a2d00000, 0x00000000a2e00000, 0x00000000a2e00000|100%| O|  |TAMS 0x00000000a2d00000| PB 0x00000000a2d00000| Untracked 
|  12|0x00000000a2e00000, 0x00000000a2f00000, 0x00000000a2f00000|100%| O|  |TAMS 0x00000000a2e00000| PB 0x00000000a2e00000| Untracked 
|  13|0x00000000a2f00000, 0x00000000a3000000, 0x00000000a3000000|100%| O|Cm|TAMS 0x00000000a2f00000| PB 0x00000000a2f00000| Complete 
|  14|0x00000000a3000000, 0x00000000a3100000, 0x00000000a3100000|100%| O|  |TAMS 0x00000000a3000000| PB 0x00000000a3000000| Untracked 
|  15|0x00000000a3100000, 0x00000000a3200000, 0x00000000a3200000|100%| O|  |TAMS 0x00000000a3100000| PB 0x00000000a3100000| Untracked 
|  16|0x00000000a3200000, 0x00000000a3300000, 0x00000000a3300000|100%| O|  |TAMS 0x00000000a3200000| PB 0x00000000a3200000| Untracked 
|  17|0x00000000a3300000, 0x00000000a3400000, 0x00000000a3400000|100%| O|  |TAMS 0x00000000a3300000| PB 0x00000000a3300000| Untracked 
|  18|0x00000000a3400000, 0x00000000a3500000, 0x00000000a3500000|100%| O|  |TAMS 0x00000000a3400000| PB 0x00000000a3400000| Untracked 
|  19|0x00000000a3500000, 0x00000000a3600000, 0x00000000a3600000|100%| O|  |TAMS 0x00000000a3500000| PB 0x00000000a3500000| Untracked 
|  20|0x00000000a3600000, 0x00000000a3700000, 0x00000000a3700000|100%| O|  |TAMS 0x00000000a3600000| PB 0x00000000a3600000| Untracked 
|  21|0x00000000a3700000, 0x00000000a3800000, 0x00000000a3800000|100%| O|  |TAMS 0x00000000a3700000| PB 0x00000000a3700000| Untracked 
|  22|0x00000000a3800000, 0x00000000a3900000, 0x00000000a3900000|100%| O|  |TAMS 0x00000000a3800000| PB 0x00000000a3800000| Untracked 
|  23|0x00000000a3900000, 0x00000000a3a00000, 0x00000000a3a00000|100%| O|  |TAMS 0x00000000a3900000| PB 0x00000000a3900000| Untracked 
|  24|0x00000000a3a00000, 0x00000000a3b00000, 0x00000000a3b00000|100%| O|  |TAMS 0x00000000a3a00000| PB 0x00000000a3a00000| Untracked 
|  25|0x00000000a3b00000, 0x00000000a3c00000, 0x00000000a3c00000|100%| O|  |TAMS 0x00000000a3b00000| PB 0x00000000a3b00000| Untracked 
|  26|0x00000000a3c00000, 0x00000000a3d00000, 0x00000000a3d00000|100%| O|  |TAMS 0x00000000a3c00000| PB 0x00000000a3c00000| Untracked 
|  27|0x00000000a3d00000, 0x00000000a3e00000, 0x00000000a3e00000|100%| O|  |TAMS 0x00000000a3d00000| PB 0x00000000a3d00000| Untracked 
|  28|0x00000000a3e00000, 0x00000000a3f00000, 0x00000000a3f00000|100%| O|  |TAMS 0x00000000a3e00000| PB 0x00000000a3e00000| Untracked 
|  29|0x00000000a3f00000, 0x00000000a4000000, 0x00000000a4000000|100%| O|  |TAMS 0x00000000a3f00000| PB 0x00000000a3f00000| Untracked 
|  30|0x00000000a4000000, 0x00000000a4100000, 0x00000000a4100000|100%| O|  |TAMS 0x00000000a4000000| PB 0x00000000a4000000| Untracked 
|  31|0x00000000a4100000, 0x00000000a4200000, 0x00000000a4200000|100%| O|  |TAMS 0x00000000a4100000| PB 0x00000000a4100000| Untracked 
|  32|0x00000000a4200000, 0x00000000a4300000, 0x00000000a4300000|100%| O|Cm|TAMS 0x00000000a4200000| PB 0x00000000a4200000| Complete 
|  33|0x00000000a4300000, 0x00000000a4400000, 0x00000000a4400000|100%| O|  |TAMS 0x00000000a4300000| PB 0x00000000a4300000| Untracked 
|  34|0x00000000a4400000, 0x00000000a4500000, 0x00000000a4500000|100%| O|  |TAMS 0x00000000a4400000| PB 0x00000000a4400000| Untracked 
|  35|0x00000000a4500000, 0x00000000a4542b38, 0x00000000a4600000| 26%| O|  |TAMS 0x00000000a4500000| PB 0x00000000a4500000| Untracked 
|  36|0x00000000a4600000, 0x00000000a4600000, 0x00000000a4700000|  0%| F|  |TAMS 0x00000000a4600000| PB 0x00000000a4600000| Untracked 
|  37|0x00000000a4700000, 0x00000000a4765430, 0x00000000a4800000| 39%| S|CS|TAMS 0x00000000a4700000| PB 0x00000000a4700000| Complete 
|  38|0x00000000a4800000, 0x00000000a4900000, 0x00000000a4900000|100%| S|CS|TAMS 0x00000000a4800000| PB 0x00000000a4800000| Complete 
|  39|0x00000000a4900000, 0x00000000a4a00000, 0x00000000a4a00000|100%| O|  |TAMS 0x00000000a4900000| PB 0x00000000a4900000| Untracked 
|  40|0x00000000a4a00000, 0x00000000a4b00000, 0x00000000a4b00000|100%| O|  |TAMS 0x00000000a4a00000| PB 0x00000000a4a00000| Untracked 
|  41|0x00000000a4b00000, 0x00000000a4c00000, 0x00000000a4c00000|100%| S|CS|TAMS 0x00000000a4b00000| PB 0x00000000a4b00000| Complete 
|  42|0x00000000a4c00000, 0x00000000a4c00000, 0x00000000a4d00000|  0%| F|  |TAMS 0x00000000a4c00000| PB 0x00000000a4c00000| Untracked 
|  43|0x00000000a4d00000, 0x00000000a4d00000, 0x00000000a4e00000|  0%| F|  |TAMS 0x00000000a4d00000| PB 0x00000000a4d00000| Untracked 
|  44|0x00000000a4e00000, 0x00000000a4e00000, 0x00000000a4f00000|  0%| F|  |TAMS 0x00000000a4e00000| PB 0x00000000a4e00000| Untracked 
|  45|0x00000000a4f00000, 0x00000000a4f00000, 0x00000000a5000000|  0%| F|  |TAMS 0x00000000a4f00000| PB 0x00000000a4f00000| Untracked 
|  46|0x00000000a5000000, 0x00000000a5000000, 0x00000000a5100000|  0%| F|  |TAMS 0x00000000a5000000| PB 0x00000000a5000000| Untracked 
|  47|0x00000000a5100000, 0x00000000a5100000, 0x00000000a5200000|  0%| F|  |TAMS 0x00000000a5100000| PB 0x00000000a5100000| Untracked 
|  48|0x00000000a5200000, 0x00000000a5200000, 0x00000000a5300000|  0%| F|  |TAMS 0x00000000a5200000| PB 0x00000000a5200000| Untracked 
|  49|0x00000000a5300000, 0x00000000a5300000, 0x00000000a5400000|  0%| F|  |TAMS 0x00000000a5300000| PB 0x00000000a5300000| Untracked 
|  50|0x00000000a5400000, 0x00000000a5400000, 0x00000000a5500000|  0%| F|  |TAMS 0x00000000a5400000| PB 0x00000000a5400000| Untracked 
|  51|0x00000000a5500000, 0x00000000a5500000, 0x00000000a5600000|  0%| F|  |TAMS 0x00000000a5500000| PB 0x00000000a5500000| Untracked 
|  52|0x00000000a5600000, 0x00000000a5600000, 0x00000000a5700000|  0%| F|  |TAMS 0x00000000a5600000| PB 0x00000000a5600000| Untracked 
|  53|0x00000000a5700000, 0x00000000a5700000, 0x00000000a5800000|  0%| F|  |TAMS 0x00000000a5700000| PB 0x00000000a5700000| Untracked 
|  54|0x00000000a5800000, 0x00000000a5800000, 0x00000000a5900000|  0%| F|  |TAMS 0x00000000a5800000| PB 0x00000000a5800000| Untracked 
|  55|0x00000000a5900000, 0x00000000a5900000, 0x00000000a5a00000|  0%| F|  |TAMS 0x00000000a5900000| PB 0x00000000a5900000| Untracked 
|  56|0x00000000a5a00000, 0x00000000a5a00000, 0x00000000a5b00000|  0%| F|  |TAMS 0x00000000a5a00000| PB 0x00000000a5a00000| Untracked 
|  57|0x00000000a5b00000, 0x00000000a5b00000, 0x00000000a5c00000|  0%| F|  |TAMS 0x00000000a5b00000| PB 0x00000000a5b00000| Untracked 
|  58|0x00000000a5c00000, 0x00000000a5c00000, 0x00000000a5d00000|  0%| F|  |TAMS 0x00000000a5c00000| PB 0x00000000a5c00000| Untracked 
|  59|0x00000000a5d00000, 0x00000000a5d00000, 0x00000000a5e00000|  0%| F|  |TAMS 0x00000000a5d00000| PB 0x00000000a5d00000| Untracked 
|  60|0x00000000a5e00000, 0x00000000a5e00000, 0x00000000a5f00000|  0%| F|  |TAMS 0x00000000a5e00000| PB 0x00000000a5e00000| Untracked 
|  61|0x00000000a5f00000, 0x00000000a5f00000, 0x00000000a6000000|  0%| F|  |TAMS 0x00000000a5f00000| PB 0x00000000a5f00000| Untracked 
|  62|0x00000000a6000000, 0x00000000a6000000, 0x00000000a6100000|  0%| F|  |TAMS 0x00000000a6000000| PB 0x00000000a6000000| Untracked 
|  63|0x00000000a6100000, 0x00000000a61d8928, 0x00000000a6200000| 84%| E|  |TAMS 0x00000000a6100000| PB 0x00000000a6100000| Complete 
|  64|0x00000000a6200000, 0x00000000a6300000, 0x00000000a6300000|100%| E|CS|TAMS 0x00000000a6200000| PB 0x00000000a6200000| Complete 
|  65|0x00000000a6300000, 0x00000000a6400000, 0x00000000a6400000|100%| E|CS|TAMS 0x00000000a6300000| PB 0x00000000a6300000| Complete 
|  66|0x00000000a6400000, 0x00000000a6500000, 0x00000000a6500000|100%| E|CS|TAMS 0x00000000a6400000| PB 0x00000000a6400000| Complete 
|  67|0x00000000a6500000, 0x00000000a6600000, 0x00000000a6600000|100%| E|CS|TAMS 0x00000000a6500000| PB 0x00000000a6500000| Complete 
|  68|0x00000000a6600000, 0x00000000a6700000, 0x00000000a6700000|100%| E|CS|TAMS 0x00000000a6600000| PB 0x00000000a6600000| Complete 
|  93|0x00000000a7f00000, 0x00000000a8000000, 0x00000000a8000000|100%| E|CS|TAMS 0x00000000a7f00000| PB 0x00000000a7f00000| Complete 

Card table byte_map: [0x0000023de54c0000,0x0000023de57b0000] _byte_map_base: 0x0000023de4faf000

Marking Bits: (CMBitMap*) 0x0000023dcd85dfb0
 Bits: [0x0000023de57b0000, 0x0000023de6f28000)

Polling page: 0x0000023dcb7d0000

Metaspace:

Usage:
  Non-class:     66.36 MB used.
      Class:     10.37 MB used.
       Both:     76.73 MB used.

Virtual space:
  Non-class space:      128.00 MB reserved,      66.75 MB ( 52%) committed,  2 nodes.
      Class space:        1.00 GB reserved,      10.69 MB (  1%) committed,  1 nodes.
             Both:        1.12 GB reserved,      77.44 MB (  7%) committed. 

Chunk freelists:
   Non-Class:  13.25 MB
       Class:  5.31 MB
        Both:  18.56 MB

MaxMetaspaceSize: unlimited
CompressedClassSpaceSize: 1.00 GB
Initial GC threshold: 21.00 MB
Current GC threshold: 126.88 MB
CDS: on
 - commit_granule_bytes: 65536.
 - commit_granule_words: 8192.
 - virtual_space_node_default_size: 8388608.
 - enlarge_chunks_in_place: 1.
 - use_allocation_guard: 0.


Internal statistics:

num_allocs_failed_limit: 9.
num_arena_births: 1132.
num_arena_deaths: 0.
num_vsnodes_births: 3.
num_vsnodes_deaths: 0.
num_space_committed: 1239.
num_space_uncommitted: 0.
num_chunks_returned_to_freelist: 9.
num_chunks_taken_from_freelist: 4021.
num_chunk_merges: 9.
num_chunk_splits: 2832.
num_chunks_enlarged: 2162.
num_inconsistent_stats: 0.

CodeHeap 'non-profiled nmethods': size=120000Kb used=4501Kb max_used=4662Kb free=115498Kb
 bounds [0x0000023ddd740000, 0x0000023dddbd0000, 0x0000023de4c70000]
CodeHeap 'profiled nmethods': size=120000Kb used=14255Kb max_used=14581Kb free=105744Kb
 bounds [0x0000023dd5c70000, 0x0000023dd6ab0000, 0x0000023ddd1a0000]
CodeHeap 'non-nmethods': size=5760Kb used=1739Kb max_used=1790Kb free=4020Kb
 bounds [0x0000023ddd1a0000, 0x0000023ddd410000, 0x0000023ddd740000]
 total_blobs=7965 nmethods=7210 adapters=658
 compilation: enabled
              stopped_count=0, restarted_count=0
 full_count=0

Compilation events (20 events):
Event: 46.006 Thread 0x0000023de9ba3a00 nmethod 8445 0x0000023dd6723a90 code [0x0000023dd6723d20, 0x0000023dd6724a90]
Event: 46.006 Thread 0x0000023de9ba3a00 8446       3       org.springframework.core.annotation.AnnotationTypeMapping::addConventionMappings (264 bytes)
Event: 46.013 Thread 0x0000023de9ba3a00 nmethod 8446 0x0000023dd6834d10 code [0x0000023dd6835440, 0x0000023dd6839800]
Event: 46.013 Thread 0x0000023de9ba3a00 8444       3       org.springframework.core.annotation.AnnotationTypeMapping::merge (46 bytes)
Event: 46.014 Thread 0x0000023de9ba3a00 nmethod 8444 0x0000023dd68a4690 code [0x0000023dd68a48e0, 0x0000023dd68a5358]
Event: 46.016 Thread 0x0000023de9ba3a00 8448   !   3       jdk.proxy2.$Proxy7::hashCode (32 bytes)
Event: 46.016 Thread 0x0000023de9ba3a00 nmethod 8448 0x0000023dd5c89c90 code [0x0000023dd5c89e60, 0x0000023dd5c8a280]
Event: 46.017 Thread 0x0000023de9ba3a00 8449   !   3       jdk.proxy2.$Proxy10::hashCode (32 bytes)
Event: 46.017 Thread 0x0000023de9ba3a00 nmethod 8449 0x0000023dd5db2390 code [0x0000023dd5db2560, 0x0000023dd5db2980]
Event: 46.155 Thread 0x0000023de9ba2e30 8450       4       java.lang.StringLatin1::hashCode (52 bytes)
Event: 46.161 Thread 0x0000023de9ba2e30 nmethod 8450 0x0000023ddd92ed10 code [0x0000023ddd92eec0, 0x0000023ddd92f158]
Event: 46.161 Thread 0x0000023de9ba2e30 8451       4       java.lang.PublicMethods$MethodList::getMostSpecific (63 bytes)
Event: 46.165 Thread 0x0000023de9ba2e30 nmethod 8451 0x0000023ddd8a3810 code [0x0000023ddd8a39a0, 0x0000023ddd8a3b68]
Event: 46.213 Thread 0x0000023de9ba2e30 8452       4       java.util.jar.Attributes::get (11 bytes)
Event: 46.221 Thread 0x0000023de9ba2e30 nmethod 8452 0x0000023ddd8a2e10 code [0x0000023ddd8a2fe0, 0x0000023ddd8a33d8]
Event: 48.241 Thread 0x0000023de9ba2e30 8454       4       jdk.internal.org.objectweb.asm.Type::getArgumentsAndReturnSizes (140 bytes)
Event: 48.473 Thread 0x0000023de9ba2e30 nmethod 8454 0x0000023ddda33590 code [0x0000023ddda337a0, 0x0000023ddda33fd0]
Event: 49.652 Thread 0x0000023de9ba3a00 8455       3       jdk.internal.loader.URLClassPath::findResources (11 bytes)
Event: 49.652 Thread 0x0000023de9ba3a00 nmethod 8455 0x0000023dd6151c10 code [0x0000023dd6151dc0, 0x0000023dd61520b0]
Event: 49.859 Thread 0x0000023de9ba2e30 8456   !   4       java.util.zip.InflaterInputStream::read (129 bytes)

GC Heap History (20 events):
Event: 24.097 GC heap before
{Heap before GC invocations=11 (full 0):
 garbage-first heap   total 55296K, used 47380K [0x00000000a2200000, 0x0000000100000000)
  region size 1024K, 24 young (24576K), 2 survivors (2048K)
 Metaspace       used 50568K, committed 51072K, reserved 1114112K
  class space    used 6701K, committed 6912K, reserved 1048576K
}
Event: 24.111 GC heap after
{Heap after GC invocations=12 (full 0):
 garbage-first heap   total 55296K, used 26624K [0x00000000a2200000, 0x0000000100000000)
  region size 1024K, 3 young (3072K), 3 survivors (3072K)
 Metaspace       used 50568K, committed 51072K, reserved 1114112K
  class space    used 6701K, committed 6912K, reserved 1048576K
}
Event: 26.183 GC heap before
{Heap before GC invocations=12 (full 0):
 garbage-first heap   total 55296K, used 48128K [0x00000000a2200000, 0x0000000100000000)
  region size 1024K, 24 young (24576K), 3 survivors (3072K)
 Metaspace       used 54778K, committed 55360K, reserved 1114112K
  class space    used 7189K, committed 7424K, reserved 1048576K
}
Event: 26.197 GC heap after
{Heap after GC invocations=13 (full 0):
 garbage-first heap   total 55296K, used 28150K [0x00000000a2200000, 0x0000000100000000)
  region size 1024K, 2 young (2048K), 2 survivors (2048K)
 Metaspace       used 54778K, committed 55360K, reserved 1114112K
  class space    used 7189K, committed 7424K, reserved 1048576K
}
Event: 28.006 GC heap before
{Heap before GC invocations=13 (full 0):
 garbage-first heap   total 55296K, used 41462K [0x00000000a2200000, 0x0000000100000000)
  region size 1024K, 16 young (16384K), 2 survivors (2048K)
 Metaspace       used 59553K, committed 60096K, reserved 1114112K
  class space    used 7972K, committed 8256K, reserved 1048576K
}
Event: 28.014 GC heap after
{Heap after GC invocations=14 (full 0):
 garbage-first heap   total 55296K, used 28819K [0x00000000a2200000, 0x0000000100000000)
  region size 1024K, 2 young (2048K), 2 survivors (2048K)
 Metaspace       used 59553K, committed 60096K, reserved 1114112K
  class space    used 7972K, committed 8256K, reserved 1048576K
}
Event: 29.730 GC heap before
{Heap before GC invocations=15 (full 0):
 garbage-first heap   total 55296K, used 48275K [0x00000000a2200000, 0x0000000100000000)
  region size 1024K, 21 young (21504K), 2 survivors (2048K)
 Metaspace       used 61205K, committed 61760K, reserved 1114112K
  class space    used 8254K, committed 8512K, reserved 1048576K
}
Event: 29.745 GC heap after
{Heap after GC invocations=16 (full 0):
 garbage-first heap   total 66560K, used 29291K [0x00000000a2200000, 0x0000000100000000)
  region size 1024K, 2 young (2048K), 2 survivors (2048K)
 Metaspace       used 61205K, committed 61760K, reserved 1114112K
  class space    used 8254K, committed 8512K, reserved 1048576K
}
Event: 33.524 GC heap before
{Heap before GC invocations=16 (full 0):
 garbage-first heap   total 66560K, used 57963K [0x00000000a2200000, 0x0000000100000000)
  region size 1024K, 31 young (31744K), 2 survivors (2048K)
 Metaspace       used 67324K, committed 68032K, reserved 1114112K
  class space    used 9031K, committed 9344K, reserved 1048576K
}
Event: 33.538 GC heap after
{Heap after GC invocations=17 (full 0):
 garbage-first heap   total 66560K, used 30960K [0x00000000a2200000, 0x0000000100000000)
  region size 1024K, 4 young (4096K), 4 survivors (4096K)
 Metaspace       used 67324K, committed 68032K, reserved 1114112K
  class space    used 9031K, committed 9344K, reserved 1048576K
}
Event: 36.638 GC heap before
{Heap before GC invocations=17 (full 0):
 garbage-first heap   total 66560K, used 57584K [0x00000000a2200000, 0x0000000100000000)
  region size 1024K, 30 young (30720K), 4 survivors (4096K)
 Metaspace       used 70130K, committed 70720K, reserved 1114112K
  class space    used 9438K, committed 9728K, reserved 1048576K
}
Event: 36.671 GC heap after
{Heap after GC invocations=18 (full 0):
 garbage-first heap   total 66560K, used 33297K [0x00000000a2200000, 0x0000000100000000)
  region size 1024K, 3 young (3072K), 3 survivors (3072K)
 Metaspace       used 70130K, committed 70720K, reserved 1114112K
  class space    used 9438K, committed 9728K, reserved 1048576K
}
Event: 38.616 GC heap before
{Heap before GC invocations=18 (full 0):
 garbage-first heap   total 66560K, used 57873K [0x00000000a2200000, 0x0000000100000000)
  region size 1024K, 27 young (27648K), 3 survivors (3072K)
 Metaspace       used 72300K, committed 73024K, reserved 1114112K
  class space    used 9723K, committed 10048K, reserved 1048576K
}
Event: 38.658 GC heap after
{Heap after GC invocations=19 (full 0):
 garbage-first heap   total 66560K, used 34949K [0x00000000a2200000, 0x0000000100000000)
  region size 1024K, 2 young (2048K), 2 survivors (2048K)
 Metaspace       used 72300K, committed 73024K, reserved 1114112K
  class space    used 9723K, committed 10048K, reserved 1048576K
}
Event: 41.310 GC heap before
{Heap before GC invocations=20 (full 0):
 garbage-first heap   total 66560K, used 58501K [0x00000000a2200000, 0x0000000100000000)
  region size 1024K, 26 young (26624K), 2 survivors (2048K)
 Metaspace       used 74157K, committed 74816K, reserved 1114112K
  class space    used 10012K, committed 10304K, reserved 1048576K
}
Event: 41.323 GC heap after
{Heap after GC invocations=21 (full 0):
 garbage-first heap   total 66560K, used 36665K [0x00000000a2200000, 0x0000000100000000)
  region size 1024K, 4 young (4096K), 4 survivors (4096K)
 Metaspace       used 74157K, committed 74816K, reserved 1114112K
  class space    used 10012K, committed 10304K, reserved 1048576K
}
Event: 43.359 GC heap before
{Heap before GC invocations=21 (full 0):
 garbage-first heap   total 66560K, used 57145K [0x00000000a2200000, 0x0000000100000000)
  region size 1024K, 24 young (24576K), 4 survivors (4096K)
 Metaspace       used 76312K, committed 76992K, reserved 1179648K
  class space    used 10309K, committed 10624K, reserved 1048576K
}
Event: 43.382 GC heap after
{Heap after GC invocations=22 (full 0):
 garbage-first heap   total 66560K, used 38296K [0x00000000a2200000, 0x0000000100000000)
  region size 1024K, 2 young (2048K), 2 survivors (2048K)
 Metaspace       used 76312K, committed 76992K, reserved 1179648K
  class space    used 10309K, committed 10624K, reserved 1048576K
}
Event: 45.361 GC heap before
{Heap before GC invocations=22 (full 0):
 garbage-first heap   total 66560K, used 59800K [0x00000000a2200000, 0x0000000100000000)
  region size 1024K, 23 young (23552K), 2 survivors (2048K)
 Metaspace       used 77205K, committed 77952K, reserved 1179648K
  class space    used 10413K, committed 10752K, reserved 1048576K
}
Event: 45.385 GC heap after
{Heap after GC invocations=23 (full 0):
 garbage-first heap   total 66560K, used 40607K [0x00000000a2200000, 0x0000000100000000)
  region size 1024K, 3 young (3072K), 3 survivors (3072K)
 Metaspace       used 77205K, committed 77952K, reserved 1179648K
  class space    used 10413K, committed 10752K, reserved 1048576K
}

Dll operation events (11 events):
Event: 0.021 Loaded shared library C:\Program Files\Java\jdk-21\bin\java.dll
Event: 0.071 Loaded shared library C:\Program Files\Java\jdk-21\bin\jsvml.dll
Event: 0.107 Loaded shared library C:\Program Files\Java\jdk-21\bin\net.dll
Event: 0.112 Loaded shared library C:\Program Files\Java\jdk-21\bin\nio.dll
Event: 0.120 Loaded shared library C:\Program Files\Java\jdk-21\bin\zip.dll
Event: 0.225 Loaded shared library C:\Program Files\Java\jdk-21\bin\management.dll
Event: 0.244 Loaded shared library C:\Program Files\Java\jdk-21\bin\management_ext.dll
Event: 0.307 Loaded shared library C:\Program Files\Java\jdk-21\bin\jimage.dll
Event: 7.103 Loaded shared library C:\Program Files\Java\jdk-21\bin\sunmscapi.dll
Event: 20.347 Loaded shared library C:\Program Files\Java\jdk-21\bin\verify.dll
Event: 21.864 Loaded shared library C:\Program Files\Java\jdk-21\bin\extnet.dll

Deoptimization events (20 events):
Event: 46.160 Thread 0x0000023dcd819660 DEOPT PACKING pc=0x0000023ddd8bbd68 sp=0x0000003e348f93d0
Event: 46.160 Thread 0x0000023dcd819660 DEOPT UNPACKING pc=0x0000023ddd1f46a2 sp=0x0000003e348f93a0 mode 2
Event: 46.210 Thread 0x0000023dcd819660 Uncommon trap: trap_request=0xffffffde fr.pc=0x0000023dddac9de4 relative=0x00000000000018c4
Event: 46.210 Thread 0x0000023dcd819660 Uncommon trap: reason=class_check action=maybe_recompile pc=0x0000023dddac9de4 method=java.util.zip.InflaterInputStream.read([BII)I @ 78 c2
Event: 46.210 Thread 0x0000023dcd819660 DEOPT PACKING pc=0x0000023dddac9de4 sp=0x0000003e348f99e0
Event: 46.210 Thread 0x0000023dcd819660 DEOPT UNPACKING pc=0x0000023ddd1f46a2 sp=0x0000003e348f9a40 mode 2
Event: 46.210 Thread 0x0000023dcd819660 Uncommon trap: trap_request=0xffffffde fr.pc=0x0000023dddac9de4 relative=0x00000000000018c4
Event: 46.211 Thread 0x0000023dcd819660 Uncommon trap: reason=class_check action=maybe_recompile pc=0x0000023dddac9de4 method=java.util.zip.InflaterInputStream.read([BII)I @ 78 c2
Event: 46.211 Thread 0x0000023dcd819660 DEOPT PACKING pc=0x0000023dddac9de4 sp=0x0000003e348f99e0
Event: 46.211 Thread 0x0000023dcd819660 DEOPT UNPACKING pc=0x0000023ddd1f46a2 sp=0x0000003e348f9a40 mode 2
Event: 48.528 Thread 0x0000023dcd819660 Uncommon trap: trap_request=0xffffffde fr.pc=0x0000023dddac9de4 relative=0x00000000000018c4
Event: 48.528 Thread 0x0000023dcd819660 Uncommon trap: reason=class_check action=maybe_recompile pc=0x0000023dddac9de4 method=java.util.zip.InflaterInputStream.read([BII)I @ 78 c2
Event: 48.528 Thread 0x0000023dcd819660 DEOPT PACKING pc=0x0000023dddac9de4 sp=0x0000003e348f99b0
Event: 48.528 Thread 0x0000023dcd819660 DEOPT UNPACKING pc=0x0000023ddd1f46a2 sp=0x0000003e348f9a10 mode 2
Event: 48.528 Thread 0x0000023dcd819660 Uncommon trap: trap_request=0xffffffde fr.pc=0x0000023dddac9de4 relative=0x00000000000018c4
Event: 48.528 Thread 0x0000023dcd819660 Uncommon trap: reason=class_check action=maybe_recompile pc=0x0000023dddac9de4 method=java.util.zip.InflaterInputStream.read([BII)I @ 78 c2
Event: 48.528 Thread 0x0000023dcd819660 DEOPT PACKING pc=0x0000023dddac9de4 sp=0x0000003e348f99b0
Event: 48.528 Thread 0x0000023dcd819660 DEOPT UNPACKING pc=0x0000023ddd1f46a2 sp=0x0000003e348f9a10 mode 2
Event: 49.480 Thread 0x0000023de9b99400 DEOPT PACKING pc=0x0000023dd62b1834 sp=0x0000003e35bfe7e0
Event: 49.480 Thread 0x0000023de9b99400 DEOPT UNPACKING pc=0x0000023ddd1f4e42 sp=0x0000003e35bfdc78 mode 0

Classes loaded (20 events):
Event: 46.184 Loading class java/lang/instrument/Instrumentation
Event: 46.185 Loading class java/lang/instrument/Instrumentation done
Event: 46.202 Loading class java/util/jar/JarInputStream
Event: 46.205 Loading class java/util/zip/ZipInputStream
Event: 46.206 Loading class java/util/zip/ZipInputStream done
Event: 46.206 Loading class java/util/jar/JarInputStream done
Event: 46.207 Loading class java/io/PushbackInputStream
Event: 46.209 Loading class java/io/PushbackInputStream done
Event: 46.211 Loading class sun/security/util/ManifestEntryVerifier
Event: 46.212 Loading class sun/security/util/ManifestEntryVerifier done
Event: 46.224 Loading class java/lang/ProcessBuilder
Event: 46.226 Loading class java/lang/ProcessBuilder done
Event: 46.226 Loading class java/lang/ProcessImpl
Event: 46.228 Loading class java/lang/ProcessImpl done
Event: 46.259 Loading class java/lang/ProcessImpl$2
Event: 46.260 Loading class java/lang/ProcessImpl$2 done
Event: 46.261 Loading class java/lang/Process$PipeInputStream
Event: 46.262 Loading class java/lang/Process$PipeInputStream done
Event: 46.264 Loading class jdk/internal/event/ProcessStartEvent
Event: 46.269 Loading class jdk/internal/event/ProcessStartEvent done

Classes unloaded (0 events):
No events

Classes redefined (0 events):
No events

Internal exceptions (20 events):
Event: 34.422 Thread 0x0000023dcd819660 Exception <a 'java/lang/IncompatibleClassChangeError'{0x00000000a5d5cdc0}: Found class java.lang.Object, but interface was expected> (0x00000000a5d5cdc0) 
thrown [s\open\src\hotspot\share\interpreter\linkResolver.cpp, line 840]
Event: 34.786 Thread 0x0000023dcd819660 Exception <a 'java/lang/IncompatibleClassChangeError'{0x00000000a5a150c8}: Found class java.lang.Object, but interface was expected> (0x00000000a5a150c8) 
thrown [s\open\src\hotspot\share\interpreter\linkResolver.cpp, line 840]
Event: 37.070 Thread 0x0000023dcd819660 Exception <a 'java/lang/NoSuchMethodError'{0x00000000a5c42008}: 'java.lang.Object java.lang.invoke.DirectMethodHandle$Holder.newInvokeSpecial(java.lang.Object, java.lang.Object, java.lang.Object, java.lang.Object, java.lang.Object, java.lang.Object, java.lang.Object, java.lang.Object)'> (0x00000000a5c42008) 
thrown [s\open\src\hotspot\share\interpreter\linkResolver.cpp, line 773]
Event: 37.280 Thread 0x0000023dcd819660 Exception <a 'java/lang/NoSuchMethodError'{0x00000000a56d9090}: 'java.lang.Object java.lang.invoke.DirectMethodHandle$Holder.invokeVirtual(java.lang.Object, java.lang.Object, java.lang.Object, java.lang.Object, java.lang.Object, java.lang.Object)'> (0x00000000a56d9090) 
thrown [s\open\src\hotspot\share\interpreter\linkResolver.cpp, line 773]
Event: 37.797 Thread 0x0000023dcd819660 Exception <a 'java/lang/NoSuchMethodError'{0x00000000a52beeb0}: 'java.lang.Object java.lang.invoke.DirectMethodHandle$Holder.invokeVirtual(java.lang.Object, java.lang.Object, java.lang.Object, java.lang.Object, java.lang.Object, java.lang.Object, java.lang.Object)'> (0x00000000a52beeb0) 
thrown [s\open\src\hotspot\share\interpreter\linkResolver.cpp, line 773]
Event: 40.792 Thread 0x0000023dcd819660 Exception <a 'java/lang/IncompatibleClassChangeError'{0x00000000a52edfe0}: Found class java.lang.Object, but interface was expected> (0x00000000a52edfe0) 
thrown [s\open\src\hotspot\share\interpreter\linkResolver.cpp, line 840]
Event: 42.103 Thread 0x0000023dcd819660 Exception <a 'java/lang/NoSuchMethodError'{0x00000000a5fd6290}: 'void java.lang.invoke.DirectMethodHandle$Holder.invokeInterface(java.lang.Object, java.lang.Object, int)'> (0x00000000a5fd6290) 
thrown [s\open\src\hotspot\share\interpreter\linkResolver.cpp, line 773]
Event: 42.118 Thread 0x0000023dcd819660 Exception <a 'java/lang/IncompatibleClassChangeError'{0x00000000a5e177d8}: Found class java.lang.Object, but interface was expected> (0x00000000a5e177d8) 
thrown [s\open\src\hotspot\share\interpreter\linkResolver.cpp, line 840]
Event: 42.124 Thread 0x0000023dcd819660 Exception <a 'java/lang/NoSuchMethodError'{0x00000000a5e34738}: 'void java.lang.invoke.DirectMethodHandle$Holder.invokeStatic(java.lang.Object, int, java.lang.Object)'> (0x00000000a5e34738) 
thrown [s\open\src\hotspot\share\interpreter\linkResolver.cpp, line 773]
Event: 42.813 Thread 0x0000023dcd819660 Exception <a 'java/lang/NoSuchMethodError'{0x00000000a57ba8a0}: 'void java.lang.invoke.DirectMethodHandle$Holder.invokeVirtual(java.lang.Object, java.lang.Object, long)'> (0x00000000a57ba8a0) 
thrown [s\open\src\hotspot\share\interpreter\linkResolver.cpp, line 773]
Event: 43.158 Thread 0x0000023dcd819660 Exception <a 'java/lang/NoSuchMethodError'{0x00000000a5279db8}: 'int java.lang.invoke.DirectMethodHandle$Holder.invokeStaticInit(java.lang.Object, java.lang.Object, java.lang.Object, java.lang.Object)'> (0x00000000a5279db8) 
thrown [s\open\src\hotspot\share\interpreter\linkResolver.cpp, line 773]
Event: 43.279 Thread 0x0000023dcd819660 Exception <a 'java/lang/NoSuchMethodError'{0x00000000a50e9b60}: 'java.lang.Object java.lang.invoke.DirectMethodHandle$Holder.invokeVirtual(java.lang.Object, java.lang.Object, java.lang.Object, java.lang.Object, java.lang.Object, java.lang.Object, java.lang.Object, java.lang.Object, java.lang.Object)'> (0x00000000a50e9b60) 
thrown [s\open\src\hotspot\share\interpreter\linkResolver.cpp, line 773]
Event: 43.463 Thread 0x0000023dcd819660 Exception <a 'java/lang/NoSuchMethodError'{0x00000000a7ffec40}: 'java.lang.Object java.lang.invoke.DirectMethodHandle$Holder.invokeVirtual(java.lang.Object, java.lang.Object, java.lang.Object, java.lang.Object, java.lang.Object, java.lang.Object, java.lang.Object, java.lang.Object, java.lang.Object, java.lang.Object)'> (0x00000000a7ffec40) 
thrown [s\open\src\hotspot\share\interpreter\linkResolver.cpp, line 773]
Event: 43.804 Thread 0x0000023dcd819660 Exception <a 'java/lang/IncompatibleClassChangeError'{0x00000000a5e0d4d8}: Found class java.lang.Object, but interface was expected> (0x00000000a5e0d4d8) 
thrown [s\open\src\hotspot\share\interpreter\linkResolver.cpp, line 840]
Event: 43.854 Thread 0x0000023dcd819660 Implicit null exception at 0x0000023ddd8bf488 to 0x0000023ddd8bf6dc
Event: 45.708 Thread 0x0000023dcd819660 Exception <a 'java/lang/NoSuchMethodError'{0x00000000a65aa0d0}: 'java.lang.Object java.lang.invoke.DirectMethodHandle$Holder.newInvokeSpecial(java.lang.Object, java.lang.Object, int, java.lang.Object, java.lang.Object)'> (0x00000000a65aa0d0) 
thrown [s\open\src\hotspot\share\interpreter\linkResolver.cpp, line 773]
Event: 46.160 Thread 0x0000023dcd819660 Exception <a 'java/lang/NoSuchMethodError'{0x00000000a63be3b0}: method resolution failed> (0x00000000a63be3b0) 
thrown [s\open\src\hotspot\share\prims\methodHandles.cpp, line 1144]
Event: 46.187 Thread 0x0000023dcd819660 Exception <a 'java/lang/NoSuchMethodError'{0x00000000a63f4940}: 'long java.lang.invoke.DelegatingMethodHandle$Holder.reinvoke_L(java.lang.Object, java.lang.Object)'> (0x00000000a63f4940) 
thrown [s\open\src\hotspot\share\interpreter\linkResolver.cpp, line 773]
Event: 46.258 Thread 0x0000023dcd819660 Exception <a 'java/lang/NoSuchMethodError'{0x00000000a621d0e0}: 'void java.lang.invoke.DirectMethodHandle$Holder.invokeStatic(java.lang.Object, long)'> (0x00000000a621d0e0) 
thrown [s\open\src\hotspot\share\interpreter\linkResolver.cpp, line 773]
Event: 49.548 Thread 0x0000023dcd819660 Exception <a 'java/io/IOException'{0x00000000a629f7a8}: CreateProcess error=1455, The paging file is too small for this operation to complete> (0x00000000a629f7a8) 
thrown [s\open\src\hotspot\share\prims\jni.cpp, line 539]

ZGC Phase Switch (0 events):
No events

VM Operations (20 events):
Event: 45.361 Executing VM operation: G1CollectForAllocation (G1 Evacuation Pause)
Event: 45.385 Executing VM operation: G1CollectForAllocation (G1 Evacuation Pause) done
Event: 45.428 Executing VM operation: G1PauseRemark
Event: 45.466 Executing VM operation: G1PauseRemark done
Event: 45.482 Executing VM operation: G1PauseCleanup
Event: 45.482 Executing VM operation: G1PauseCleanup done
Event: 45.525 Executing VM operation: HandshakeAllThreads (Deoptimize)
Event: 45.525 Executing VM operation: HandshakeAllThreads (Deoptimize) done
Event: 45.546 Executing VM operation: HandshakeAllThreads (Deoptimize)
Event: 45.546 Executing VM operation: HandshakeAllThreads (Deoptimize) done
Event: 45.642 Executing VM operation: HandshakeAllThreads (Deoptimize)
Event: 45.642 Executing VM operation: HandshakeAllThreads (Deoptimize) done
Event: 46.264 Executing VM operation: HandshakeAllThreads (Deoptimize)
Event: 46.264 Executing VM operation: HandshakeAllThreads (Deoptimize) done
Event: 47.277 Executing VM operation: Cleanup
Event: 47.278 Executing VM operation: Cleanup done
Event: 48.287 Executing VM operation: Cleanup
Event: 48.302 Executing VM operation: Cleanup done
Event: 49.304 Executing VM operation: Cleanup
Event: 49.304 Executing VM operation: Cleanup done

Events (20 events):
Event: 45.455 Thread 0x0000023de9b612f0 flushing nmethod 0x0000023ddd932f10
Event: 45.455 Thread 0x0000023de9b612f0 flushing nmethod 0x0000023ddd970210
Event: 45.455 Thread 0x0000023de9b612f0 flushing nmethod 0x0000023ddd96dd10
Event: 45.455 Thread 0x0000023de9b612f0 flushing nmethod 0x0000023ddd96b210
Event: 45.455 Thread 0x0000023de9b612f0 flushing nmethod 0x0000023ddd92e990
Event: 45.455 Thread 0x0000023de9b612f0 flushing nmethod 0x0000023ddd937510
Event: 45.455 Thread 0x0000023de9b612f0 flushing nmethod 0x0000023ddd929090
Event: 45.455 Thread 0x0000023de9b612f0 flushing nmethod 0x0000023ddd915210
Event: 45.455 Thread 0x0000023de9b612f0 flushing nmethod 0x0000023ddd8eff90
Event: 45.455 Thread 0x0000023de9b612f0 flushing nmethod 0x0000023ddd8e7710
Event: 45.455 Thread 0x0000023de9b612f0 flushing nmethod 0x0000023ddd8e5890
Event: 45.455 Thread 0x0000023de9b612f0 flushing nmethod 0x0000023ddd8c4090
Event: 45.455 Thread 0x0000023de9b612f0 flushing nmethod 0x0000023ddd8a2e10
Event: 45.455 Thread 0x0000023de9b612f0 flushing nmethod 0x0000023ddd875710
Event: 45.455 Thread 0x0000023de9b612f0 flushing nmethod 0x0000023ddd823d90
Event: 45.455 Thread 0x0000023de9b612f0 flushing nmethod 0x0000023ddd80c910
Event: 45.455 Thread 0x0000023de9b612f0 flushing nmethod 0x0000023ddd806510
Event: 45.455 Thread 0x0000023de9b612f0 flushing nmethod 0x0000023ddd7d5090
Event: 45.456 Thread 0x0000023de9b612f0 flushing nmethod 0x0000023ddd795e90
Event: 45.456 Thread 0x0000023de9b612f0 flushing nmethod 0x0000023ddd750d10


Dynamic libraries:
0x00007ff72d190000 - 0x00007ff72d1a0000 	C:\Program Files\Java\jdk-21\bin\java.exe
0x00007ffc61d20000 - 0x00007ffc61f87000 	C:\WINDOWS\SYSTEM32\ntdll.dll
0x00007ffc60b30000 - 0x00007ffc60bf9000 	C:\WINDOWS\System32\KERNEL32.DLL
0x00007ffc5f110000 - 0x00007ffc5f501000 	C:\WINDOWS\System32\KERNELBASE.dll
0x00007ffc5f740000 - 0x00007ffc5f88b000 	C:\WINDOWS\System32\ucrtbase.dll
0x00007ffc32110000 - 0x00007ffc3212b000 	C:\Program Files\Java\jdk-21\bin\VCRUNTIME140.dll
0x00007ffc31bb0000 - 0x00007ffc31bc9000 	C:\Program Files\Java\jdk-21\bin\jli.dll
0x00007ffc61570000 - 0x00007ffc6162b000 	C:\WINDOWS\System32\ADVAPI32.dll
0x00007ffc61aa0000 - 0x00007ffc61b49000 	C:\WINDOWS\System32\msvcrt.dll
0x00007ffc61c10000 - 0x00007ffc61cb7000 	C:\WINDOWS\System32\sechost.dll
0x00007ffc5fac0000 - 0x00007ffc5fbd8000 	C:\WINDOWS\System32\RPCRT4.dll
0x00007ffc618d0000 - 0x00007ffc61a95000 	C:\WINDOWS\System32\USER32.dll
0x00007ffc5e600000 - 0x00007ffc5e627000 	C:\WINDOWS\System32\win32u.dll
0x00007ffc47bb0000 - 0x00007ffc47e43000 	C:\WINDOWS\WinSxS\amd64_microsoft.windows.common-controls_6595b64144ccf1df_6.0.26100.8037_none_3e092faae333b53b\COMCTL32.dll
0x00007ffc616c0000 - 0x00007ffc616eb000 	C:\WINDOWS\System32\GDI32.dll
0x00007ffc5ef50000 - 0x00007ffc5f07b000 	C:\WINDOWS\System32\gdi32full.dll
0x00007ffc5f690000 - 0x00007ffc5f733000 	C:\WINDOWS\System32\msvcp_win.dll
0x00007ffc57160000 - 0x00007ffc5716b000 	C:\WINDOWS\SYSTEM32\VERSION.dll
0x00007ffc60380000 - 0x00007ffc603b1000 	C:\WINDOWS\System32\IMM32.DLL
0x00007ffc59750000 - 0x00007ffc5975c000 	C:\Program Files\Java\jdk-21\bin\vcruntime140_1.dll
0x00007ffbd0b10000 - 0x00007ffbd0b9e000 	C:\Program Files\Java\jdk-21\bin\msvcp140.dll
0x00007ffb60030000 - 0x00007ffb60d45000 	C:\Program Files\Java\jdk-21\bin\server\jvm.dll
0x00007ffc614e0000 - 0x00007ffc61554000 	C:\WINDOWS\System32\WS2_32.dll
0x00007ffc5e460000 - 0x00007ffc5e4be000 	C:\WINDOWS\SYSTEM32\POWRPROF.dll
0x00007ffc57120000 - 0x00007ffc57155000 	C:\WINDOWS\SYSTEM32\WINMM.dll
0x00007ffc5e440000 - 0x00007ffc5e454000 	C:\WINDOWS\SYSTEM32\UMPDC.dll
0x00007ffc5d390000 - 0x00007ffc5d3ab000 	C:\WINDOWS\SYSTEM32\kernel.appcore.dll
0x00007ffc3ca50000 - 0x00007ffc3ca5a000 	C:\Program Files\Java\jdk-21\bin\jimage.dll
0x00007ffc5c5c0000 - 0x00007ffc5c802000 	C:\WINDOWS\SYSTEM32\DBGHELP.DLL
0x00007ffc5fdd0000 - 0x00007ffc60152000 	C:\WINDOWS\System32\combase.dll
0x00007ffc5fce0000 - 0x00007ffc5fdb7000 	C:\WINDOWS\System32\OLEAUT32.dll
0x00007ffc48330000 - 0x00007ffc4836b000 	C:\WINDOWS\SYSTEM32\dbgcore.DLL
0x00007ffc5e630000 - 0x00007ffc5e6d5000 	C:\WINDOWS\System32\bcryptPrimitives.dll
0x00007ffc312c0000 - 0x00007ffc312df000 	C:\Program Files\Java\jdk-21\bin\java.dll
0x00007ffc603c0000 - 0x00007ffc60b1f000 	C:\WINDOWS\System32\SHELL32.dll
0x00007ffc5f890000 - 0x00007ffc5f9fa000 	C:\WINDOWS\System32\wintypes.dll
0x00007ffc5e6e0000 - 0x00007ffc5ef44000 	C:\WINDOWS\System32\windows.storage.dll
0x00007ffc610f0000 - 0x00007ffc611e7000 	C:\WINDOWS\System32\SHCORE.dll
0x00007ffc60310000 - 0x00007ffc60377000 	C:\WINDOWS\System32\shlwapi.dll
0x00007ffc5e520000 - 0x00007ffc5e549000 	C:\WINDOWS\SYSTEM32\profapi.dll
0x00007ffbb1c50000 - 0x00007ffbb1d27000 	C:\Program Files\Java\jdk-21\bin\jsvml.dll
0x00007ffc3b510000 - 0x00007ffc3b520000 	C:\Program Files\Java\jdk-21\bin\net.dll
0x00007ffc54640000 - 0x00007ffc54767000 	C:\WINDOWS\SYSTEM32\WINHTTP.dll
0x00007ffc5d900000 - 0x00007ffc5d96b000 	C:\WINDOWS\system32\mswsock.dll
0x00007ffc28190000 - 0x00007ffc281a6000 	C:\Program Files\Java\jdk-21\bin\nio.dll
0x00007ffc27ac0000 - 0x00007ffc27ad8000 	C:\Program Files\Java\jdk-21\bin\zip.dll
0x00007ffc2a660000 - 0x00007ffc2a66a000 	C:\Program Files\Java\jdk-21\bin\management.dll
0x00007ffc29d30000 - 0x00007ffc29d3b000 	C:\Program Files\Java\jdk-21\bin\management_ext.dll
0x00007ffc60160000 - 0x00007ffc60168000 	C:\WINDOWS\System32\PSAPI.DLL
0x00007ffc3b2a0000 - 0x00007ffc3b2ae000 	C:\Program Files\Java\jdk-21\bin\sunmscapi.dll
0x00007ffc5f510000 - 0x00007ffc5f687000 	C:\WINDOWS\System32\CRYPT32.dll
0x00007ffc5de00000 - 0x00007ffc5de30000 	C:\WINDOWS\SYSTEM32\ncrypt.dll
0x00007ffc5ddb0000 - 0x00007ffc5ddef000 	C:\WINDOWS\SYSTEM32\NTASN1.dll
0x00007ffc5dbf0000 - 0x00007ffc5dc0b000 	C:\WINDOWS\SYSTEM32\CRYPTSP.dll
0x00007ffc5d2f0000 - 0x00007ffc5d329000 	C:\WINDOWS\system32\rsaenh.dll
0x00007ffc5d9b0000 - 0x00007ffc5d9e2000 	C:\WINDOWS\SYSTEM32\USERENV.dll
0x00007ffc5e4f0000 - 0x00007ffc5e51a000 	C:\WINDOWS\SYSTEM32\bcrypt.dll
0x00007ffc5dbe0000 - 0x00007ffc5dbec000 	C:\WINDOWS\SYSTEM32\CRYPTBASE.dll
0x00007ffc5cc80000 - 0x00007ffc5ccb3000 	C:\WINDOWS\SYSTEM32\IPHLPAPI.DLL
0x00007ffc611f0000 - 0x00007ffc611fa000 	C:\WINDOWS\System32\NSI.dll
0x00007ffc3b430000 - 0x00007ffc3b440000 	C:\Program Files\Java\jdk-21\bin\verify.dll
0x00007ffc5cdf0000 - 0x00007ffc5cf1a000 	C:\WINDOWS\SYSTEM32\DNSAPI.dll
0x00007ffc56e80000 - 0x00007ffc56e8b000 	C:\Windows\System32\rasadhlp.dll
0x00007ffc51cc0000 - 0x00007ffc51d46000 	C:\WINDOWS\System32\fwpuclnt.dll
0x00007ffc35410000 - 0x00007ffc35417000 	C:\Program Files\Java\jdk-21\bin\extnet.dll

dbghelp: loaded successfully - version: 4.0.5 - missing functions: none
symbol engine: initialized successfully - sym options: 0x614 - pdb path: .;C:\Program Files\Java\jdk-21\bin;C:\WINDOWS\SYSTEM32;C:\WINDOWS\WinSxS\amd64_microsoft.windows.common-controls_6595b64144ccf1df_6.0.26100.8037_none_3e092faae333b53b;C:\Program Files\Java\jdk-21\bin\server

VM Arguments:
java_command: C:\Users\B NISHIDA\AppData\Local\Temp\surefire5064885224034289959\surefirebooter-20260331115739621_3.jar C:\Users\B NISHIDA\AppData\Local\Temp\surefire5064885224034289959 2026-03-31T11-57-38_803-jvmRun1 surefire-20260331115739621_1tmp surefire_0-20260331115739621_2tmp
java_class_path (initial): C:\Users\B NISHIDA\AppData\Local\Temp\surefire5064885224034289959\surefirebooter-20260331115739621_3.jar
Launcher Type: SUN_STANDARD

[Global flags]
     intx CICompilerCount                          = 4                                         {product} {ergonomic}
     uint ConcGCThreads                            = 3                                         {product} {ergonomic}
     uint G1ConcRefinementThreads                  = 10                                        {product} {ergonomic}
   size_t G1HeapRegionSize                         = 1048576                                   {product} {ergonomic}
    uintx GCDrainStackTargetSize                   = 64                                        {product} {ergonomic}
   size_t InitialHeapSize                          = 98566144                                  {product} {ergonomic}
   size_t MarkStackSize                            = 4194304                                   {product} {ergonomic}
   size_t MaxHeapSize                              = 1574961152                                {product} {ergonomic}
   size_t MaxNewSize                               = 944766976                                 {product} {ergonomic}
   size_t MinHeapDeltaBytes                        = 1048576                                   {product} {ergonomic}
   size_t MinHeapSize                              = 8388608                                   {product} {ergonomic}
    uintx NonNMethodCodeHeapSize                   = 5839372                                {pd product} {ergonomic}
    uintx NonProfiledCodeHeapSize                  = 122909434                              {pd product} {ergonomic}
    uintx ProfiledCodeHeapSize                     = 122909434                              {pd product} {ergonomic}
    uintx ReservedCodeCacheSize                    = 251658240                              {pd product} {ergonomic}
     bool SegmentedCodeCache                       = true                                      {product} {ergonomic}
   size_t SoftMaxHeapSize                          = 1574961152                             {manageable} {ergonomic}
     bool UseCompressedOops                        = true                           {product lp64_product} {ergonomic}
     bool UseG1GC                                  = true                                      {product} {ergonomic}
     bool UseLargePagesIndividualAllocation        = false                                  {pd product} {ergonomic}

Logging:
Log output configuration:
 #0: stdout all=warning uptime,level,tags foldmultilines=false
 #1: stderr all=off uptime,level,tags foldmultilines=false

Environment Variables:
JAVA_HOME=C:\Program Files\Java\jdk-21
PATH=C:/Program Files/STS Tools version 4/sts-4.30.0.RELEASE//plugins/org.eclipse.justj.openjdk.hotspot.jre.full.win32.x86_64_21.0.6.v20250130-0529/jre/bin/server;C:/Program Files/STS Tools version 4/sts-4.30.0.RELEASE//plugins/org.eclipse.justj.openjdk.hotspot.jre.full.win32.x86_64_21.0.6.v20250130-0529/jre/bin;C:\Program Files\Python312\Scripts\;C:\Program Files\Python312\;C:\Program Files (x86)\VMware\VMware Workstation\bin\;C:\Program Files\Common Files\Oracle\Java\javapath;C:\Program Files (x86)\Common Files\Oracle\Java\javapath;C:\Program Files\Python311\Scripts\;C:\Program Files\Python311\;C:\WINDOWS\system32;C:\WINDOWS;C:\WINDOWS\System32\Wbem;C:\WINDOWS\System32\WindowsPowerShell\v1.0\;C:\WINDOWS\System32\OpenSSH\;C:\Program Files\dotnet\;C:\Program Files\Java\jdk-21\bin;C:\Program Files\Git\cmd;C:\Program Files\Git\mingw64\bin;C:\Program Files\Git\usr\bin;C:\Program Files\nodejs\;C:\Program Files\Docker\Docker\resources\bin;C:\Program Files\MySQL\MySQL Shell 8.0\bin\;C:\Users\B NISHIDA\AppData\Local\Microsoft\WindowsApps;;C:\intelFPGA\20.1\modelsim_ase\win32aloem;C:\Users\B NISHIDA\AppData\Local\Programs\Microsoft VS Code\bin;C:\Users\B NISHIDA\AppData\Local\Programs\Antigravity\bin;C:\Users\B NISHIDA\AppData\Roaming\npm;C:\Program Files\STS Tools version 4\sts-4.30.0.RELEASE;
USERNAME=B NISHIDA
TERM=xterm
OS=Windows_NT
PROCESSOR_IDENTIFIER=AMD64 Family 23 Model 104 Stepping 1, AuthenticAMD
TMP=C:\Users\BNISHI~1\AppData\Local\Temp
TEMP=C:\Users\BNISHI~1\AppData\Local\Temp




Periodic native trim disabled

---------------  S Y S T E M  ---------------

OS:
 Windows 11 , 64 bit Build 26100 (10.0.26100.7920)
OS uptime: 0 days 10:52 hours
Hyper-V role detected

CPU: total 12 (initial active 12) (12 cores per cpu, 2 threads per core) family 23 model 104 stepping 1 microcode 0x8608103, cx8, cmov, fxsr, ht, mmx, 3dnowpref, sse, sse2, sse3, ssse3, sse4a, sse4.1, sse4.2, popcnt, lzcnt, tsc, tscinvbit, avx, avx2, aes, clmul, bmi1, bmi2, adx, sha, fma, vzeroupper, clflush, clflushopt, hv, rdtscp, rdpid, f16c
Processor Information for processor 0
  Max Mhz: 2100, Current Mhz: 2100, Mhz Limit: 2100
Processor Information for processor 1
  Max Mhz: 2100, Current Mhz: 2100, Mhz Limit: 2100
Processor Information for processor 2
  Max Mhz: 2100, Current Mhz: 2100, Mhz Limit: 2100
Processor Information for processor 3
  Max Mhz: 2100, Current Mhz: 2100, Mhz Limit: 2100
Processor Information for processor 4
  Max Mhz: 2100, Current Mhz: 2100, Mhz Limit: 2100
Processor Information for processor 5
  Max Mhz: 2100, Current Mhz: 2100, Mhz Limit: 2100
Processor Information for processor 6
  Max Mhz: 2100, Current Mhz: 2100, Mhz Limit: 2100
Processor Information for processor 7
  Max Mhz: 2100, Current Mhz: 2100, Mhz Limit: 2100
Processor Information for processor 8
  Max Mhz: 2100, Current Mhz: 2100, Mhz Limit: 2100
Processor Information for processor 9
  Max Mhz: 2100, Current Mhz: 2100, Mhz Limit: 2100
Processor Information for processor 10
  Max Mhz: 2100, Current Mhz: 1813, Mhz Limit: 2100
Processor Information for processor 11
  Max Mhz: 2100, Current Mhz: 1813, Mhz Limit: 2100

Memory: 4k page, system-wide physical 6005M (380M free)
TotalPageFile size 24437M (AvailPageFile size 1M)
current process WorkingSet (physical memory assigned to process): 182M, peak: 216M
current process commit charge ("private bytes"): 312M, peak: 324M

vm_info: Java HotSpot(TM) 64-Bit Server VM (21.0.1+12-LTS-29) for windows-amd64 JRE (21.0.1+12-LTS-29), built on 2023-10-05T13:27:09Z by "mach5one" with MS VC++ 17.1 (VS2022)

END.
